ARM GAS  C:\Users\rpbri\AppData\Local\Temp\cc1Pey9a.s 			page 1


   1              		.syntax unified
   2              		.cpu cortex-m0plus
   3              		.fpu softvfp
   4              		.eabi_attribute 20, 1
   5              		.eabi_attribute 21, 1
   6              		.eabi_attribute 23, 3
   7              		.eabi_attribute 24, 1
   8              		.eabi_attribute 25, 1
   9              		.eabi_attribute 26, 1
  10              		.eabi_attribute 30, 1
  11              		.eabi_attribute 34, 0
  12              		.eabi_attribute 18, 4
  13              		.thumb
  14              		.syntax unified
  15              		.file	"cyfitter_cfg.c"
  16              		.text
  17              	.Ltext0:
  18              		.cfi_sections	.debug_frame
  19              		.section	.psocinit,"ax",%progbits
  20              		.align	2
  21              		.code	16
  22              		.thumb_func
  23              		.type	ClockSetup, %function
  24              	ClockSetup:
  25              	.LFB4:
  26              		.file 1 "Generated_Source\\PSoC4\\cyfitter_cfg.c"
   1:Generated_Source\PSoC4/cyfitter_cfg.c **** 
   2:Generated_Source\PSoC4/cyfitter_cfg.c **** /*******************************************************************************
   3:Generated_Source\PSoC4/cyfitter_cfg.c **** * File Name: cyfitter_cfg.c
   4:Generated_Source\PSoC4/cyfitter_cfg.c **** * 
   5:Generated_Source\PSoC4/cyfitter_cfg.c **** * PSoC Creator  4.2
   6:Generated_Source\PSoC4/cyfitter_cfg.c **** *
   7:Generated_Source\PSoC4/cyfitter_cfg.c **** * Description:
   8:Generated_Source\PSoC4/cyfitter_cfg.c **** * This file contains device initialization code.
   9:Generated_Source\PSoC4/cyfitter_cfg.c **** * Except for the user defined sections in CyClockStartupError(), this file should not be modified.
  10:Generated_Source\PSoC4/cyfitter_cfg.c **** * This file is automatically generated by PSoC Creator.
  11:Generated_Source\PSoC4/cyfitter_cfg.c **** *
  12:Generated_Source\PSoC4/cyfitter_cfg.c **** ********************************************************************************
  13:Generated_Source\PSoC4/cyfitter_cfg.c **** * Copyright (c) 2007-2018 Cypress Semiconductor.  All rights reserved.
  14:Generated_Source\PSoC4/cyfitter_cfg.c **** * You may use this file only in accordance with the license, terms, conditions, 
  15:Generated_Source\PSoC4/cyfitter_cfg.c **** * disclaimers, and limitations in the end user license agreement accompanying 
  16:Generated_Source\PSoC4/cyfitter_cfg.c **** * the software package with which this file was provided.
  17:Generated_Source\PSoC4/cyfitter_cfg.c **** ********************************************************************************/
  18:Generated_Source\PSoC4/cyfitter_cfg.c **** 
  19:Generated_Source\PSoC4/cyfitter_cfg.c **** #include <string.h>
  20:Generated_Source\PSoC4/cyfitter_cfg.c **** #include "cytypes.h"
  21:Generated_Source\PSoC4/cyfitter_cfg.c **** #include "cydevice_trm.h"
  22:Generated_Source\PSoC4/cyfitter_cfg.c **** #include "cyfitter.h"
  23:Generated_Source\PSoC4/cyfitter_cfg.c **** #include "CyLib.h"
  24:Generated_Source\PSoC4/cyfitter_cfg.c **** #include "cyfitter_cfg.h"
  25:Generated_Source\PSoC4/cyfitter_cfg.c **** #include "cyapicallbacks.h"
  26:Generated_Source\PSoC4/cyfitter_cfg.c **** 
  27:Generated_Source\PSoC4/cyfitter_cfg.c **** 
  28:Generated_Source\PSoC4/cyfitter_cfg.c **** #if defined(__GNUC__) || defined(__ARMCC_VERSION)
  29:Generated_Source\PSoC4/cyfitter_cfg.c ****     #define CYPACKED 
  30:Generated_Source\PSoC4/cyfitter_cfg.c ****     #define CYPACKED_ATTR __attribute__ ((packed))
  31:Generated_Source\PSoC4/cyfitter_cfg.c ****     #define CYALIGNED __attribute__ ((aligned))
ARM GAS  C:\Users\rpbri\AppData\Local\Temp\cc1Pey9a.s 			page 2


  32:Generated_Source\PSoC4/cyfitter_cfg.c ****     #define CY_CFG_UNUSED __attribute__ ((unused))
  33:Generated_Source\PSoC4/cyfitter_cfg.c ****     #ifndef CY_CFG_SECTION
  34:Generated_Source\PSoC4/cyfitter_cfg.c ****         #define CY_CFG_SECTION __attribute__ ((section(".psocinit")))
  35:Generated_Source\PSoC4/cyfitter_cfg.c ****     #endif
  36:Generated_Source\PSoC4/cyfitter_cfg.c ****     
  37:Generated_Source\PSoC4/cyfitter_cfg.c ****     #if defined(__ARMCC_VERSION)
  38:Generated_Source\PSoC4/cyfitter_cfg.c ****         #define CY_CFG_MEMORY_BARRIER() __memory_changed()
  39:Generated_Source\PSoC4/cyfitter_cfg.c ****     #else
  40:Generated_Source\PSoC4/cyfitter_cfg.c ****         #define CY_CFG_MEMORY_BARRIER() __sync_synchronize()
  41:Generated_Source\PSoC4/cyfitter_cfg.c ****     #endif
  42:Generated_Source\PSoC4/cyfitter_cfg.c ****     
  43:Generated_Source\PSoC4/cyfitter_cfg.c **** #elif defined(__ICCARM__)
  44:Generated_Source\PSoC4/cyfitter_cfg.c ****     #include <intrinsics.h>
  45:Generated_Source\PSoC4/cyfitter_cfg.c **** 
  46:Generated_Source\PSoC4/cyfitter_cfg.c ****     #define CYPACKED __packed
  47:Generated_Source\PSoC4/cyfitter_cfg.c ****     #define CYPACKED_ATTR 
  48:Generated_Source\PSoC4/cyfitter_cfg.c ****     #define CYALIGNED _Pragma("data_alignment=4")
  49:Generated_Source\PSoC4/cyfitter_cfg.c ****     #define CY_CFG_UNUSED _Pragma("diag_suppress=Pe177")
  50:Generated_Source\PSoC4/cyfitter_cfg.c ****     #define CY_CFG_SECTION _Pragma("location=\".psocinit\"")
  51:Generated_Source\PSoC4/cyfitter_cfg.c ****     
  52:Generated_Source\PSoC4/cyfitter_cfg.c ****     #define CY_CFG_MEMORY_BARRIER() __DMB()
  53:Generated_Source\PSoC4/cyfitter_cfg.c ****     
  54:Generated_Source\PSoC4/cyfitter_cfg.c **** #else
  55:Generated_Source\PSoC4/cyfitter_cfg.c ****     #error Unsupported toolchain
  56:Generated_Source\PSoC4/cyfitter_cfg.c **** #endif
  57:Generated_Source\PSoC4/cyfitter_cfg.c **** 
  58:Generated_Source\PSoC4/cyfitter_cfg.c **** #ifndef CYCODE
  59:Generated_Source\PSoC4/cyfitter_cfg.c ****     #define CYCODE
  60:Generated_Source\PSoC4/cyfitter_cfg.c **** #endif
  61:Generated_Source\PSoC4/cyfitter_cfg.c **** #ifndef CYDATA
  62:Generated_Source\PSoC4/cyfitter_cfg.c ****     #define CYDATA
  63:Generated_Source\PSoC4/cyfitter_cfg.c **** #endif
  64:Generated_Source\PSoC4/cyfitter_cfg.c **** #ifndef CYFAR
  65:Generated_Source\PSoC4/cyfitter_cfg.c ****     #define CYFAR
  66:Generated_Source\PSoC4/cyfitter_cfg.c **** #endif
  67:Generated_Source\PSoC4/cyfitter_cfg.c **** #ifndef CYXDATA
  68:Generated_Source\PSoC4/cyfitter_cfg.c ****     #define CYXDATA
  69:Generated_Source\PSoC4/cyfitter_cfg.c **** #endif
  70:Generated_Source\PSoC4/cyfitter_cfg.c **** 
  71:Generated_Source\PSoC4/cyfitter_cfg.c **** 
  72:Generated_Source\PSoC4/cyfitter_cfg.c **** CY_CFG_UNUSED
  73:Generated_Source\PSoC4/cyfitter_cfg.c **** static void CYMEMZERO(void *s, size_t n);
  74:Generated_Source\PSoC4/cyfitter_cfg.c **** CY_CFG_UNUSED
  75:Generated_Source\PSoC4/cyfitter_cfg.c **** static void CYMEMZERO(void *s, size_t n)
  76:Generated_Source\PSoC4/cyfitter_cfg.c **** {
  77:Generated_Source\PSoC4/cyfitter_cfg.c **** 	(void)memset(s, 0, n);
  78:Generated_Source\PSoC4/cyfitter_cfg.c **** }
  79:Generated_Source\PSoC4/cyfitter_cfg.c **** CY_CFG_UNUSED
  80:Generated_Source\PSoC4/cyfitter_cfg.c **** static void CYCONFIGCPY(void *dest, const void *src, size_t n);
  81:Generated_Source\PSoC4/cyfitter_cfg.c **** CY_CFG_UNUSED
  82:Generated_Source\PSoC4/cyfitter_cfg.c **** static void CYCONFIGCPY(void *dest, const void *src, size_t n)
  83:Generated_Source\PSoC4/cyfitter_cfg.c **** {
  84:Generated_Source\PSoC4/cyfitter_cfg.c **** 	(void)memcpy(dest, src, n);
  85:Generated_Source\PSoC4/cyfitter_cfg.c **** }
  86:Generated_Source\PSoC4/cyfitter_cfg.c **** CY_CFG_UNUSED
  87:Generated_Source\PSoC4/cyfitter_cfg.c **** static void CYCONFIGCPYCODE(void *dest, const void *src, size_t n);
  88:Generated_Source\PSoC4/cyfitter_cfg.c **** CY_CFG_UNUSED
ARM GAS  C:\Users\rpbri\AppData\Local\Temp\cc1Pey9a.s 			page 3


  89:Generated_Source\PSoC4/cyfitter_cfg.c **** static void CYCONFIGCPYCODE(void *dest, const void *src, size_t n)
  90:Generated_Source\PSoC4/cyfitter_cfg.c **** {
  91:Generated_Source\PSoC4/cyfitter_cfg.c **** 	(void)memcpy(dest, src, n);
  92:Generated_Source\PSoC4/cyfitter_cfg.c **** }
  93:Generated_Source\PSoC4/cyfitter_cfg.c **** 
  94:Generated_Source\PSoC4/cyfitter_cfg.c **** 
  95:Generated_Source\PSoC4/cyfitter_cfg.c **** 
  96:Generated_Source\PSoC4/cyfitter_cfg.c **** 
  97:Generated_Source\PSoC4/cyfitter_cfg.c **** /* Clock startup error codes                                                   */
  98:Generated_Source\PSoC4/cyfitter_cfg.c **** #define CYCLOCKSTART_NO_ERROR    0u
  99:Generated_Source\PSoC4/cyfitter_cfg.c **** #define CYCLOCKSTART_XTAL_ERROR  1u
 100:Generated_Source\PSoC4/cyfitter_cfg.c **** #define CYCLOCKSTART_32KHZ_ERROR 2u
 101:Generated_Source\PSoC4/cyfitter_cfg.c **** #define CYCLOCKSTART_PLL_ERROR   3u
 102:Generated_Source\PSoC4/cyfitter_cfg.c **** #define CYCLOCKSTART_FLL_ERROR   4u
 103:Generated_Source\PSoC4/cyfitter_cfg.c **** #define CYCLOCKSTART_WCO_ERROR   5u
 104:Generated_Source\PSoC4/cyfitter_cfg.c **** 
 105:Generated_Source\PSoC4/cyfitter_cfg.c **** 
 106:Generated_Source\PSoC4/cyfitter_cfg.c **** #ifdef CY_NEED_CYCLOCKSTARTUPERROR
 107:Generated_Source\PSoC4/cyfitter_cfg.c **** /*******************************************************************************
 108:Generated_Source\PSoC4/cyfitter_cfg.c **** * Function Name: CyClockStartupError
 109:Generated_Source\PSoC4/cyfitter_cfg.c **** ********************************************************************************
 110:Generated_Source\PSoC4/cyfitter_cfg.c **** * Summary:
 111:Generated_Source\PSoC4/cyfitter_cfg.c **** *  If an error is encountered during clock configuration (crystal startup error,
 112:Generated_Source\PSoC4/cyfitter_cfg.c **** *  PLL lock error, etc.), the system will end up here.  Unless reimplemented by
 113:Generated_Source\PSoC4/cyfitter_cfg.c **** *  the customer, this function will stop in an infinite loop.
 114:Generated_Source\PSoC4/cyfitter_cfg.c **** *
 115:Generated_Source\PSoC4/cyfitter_cfg.c **** * Parameters:
 116:Generated_Source\PSoC4/cyfitter_cfg.c **** *   void
 117:Generated_Source\PSoC4/cyfitter_cfg.c **** *
 118:Generated_Source\PSoC4/cyfitter_cfg.c **** * Return:
 119:Generated_Source\PSoC4/cyfitter_cfg.c **** *   void
 120:Generated_Source\PSoC4/cyfitter_cfg.c **** *
 121:Generated_Source\PSoC4/cyfitter_cfg.c **** *******************************************************************************/
 122:Generated_Source\PSoC4/cyfitter_cfg.c **** CY_CFG_UNUSED
 123:Generated_Source\PSoC4/cyfitter_cfg.c **** static void CyClockStartupError(uint8 errorCode);
 124:Generated_Source\PSoC4/cyfitter_cfg.c **** CY_CFG_UNUSED
 125:Generated_Source\PSoC4/cyfitter_cfg.c **** static void CyClockStartupError(uint8 errorCode)
 126:Generated_Source\PSoC4/cyfitter_cfg.c **** {
 127:Generated_Source\PSoC4/cyfitter_cfg.c ****     /* To remove the compiler warning if errorCode not used.                */
 128:Generated_Source\PSoC4/cyfitter_cfg.c ****     errorCode = errorCode;
 129:Generated_Source\PSoC4/cyfitter_cfg.c **** 
 130:Generated_Source\PSoC4/cyfitter_cfg.c ****     /* If we have a clock startup error (bad MHz crystal, PLL lock, etc.),  */
 131:Generated_Source\PSoC4/cyfitter_cfg.c ****     /* we will end up here to allow the customer to implement something to  */
 132:Generated_Source\PSoC4/cyfitter_cfg.c ****     /* deal with the clock condition.                                       */
 133:Generated_Source\PSoC4/cyfitter_cfg.c **** 
 134:Generated_Source\PSoC4/cyfitter_cfg.c **** #ifdef CY_CFG_CLOCK_STARTUP_ERROR_CALLBACK
 135:Generated_Source\PSoC4/cyfitter_cfg.c ****     CY_CFG_Clock_Startup_ErrorCallback();
 136:Generated_Source\PSoC4/cyfitter_cfg.c **** #else
 137:Generated_Source\PSoC4/cyfitter_cfg.c ****     /*  If not using CY_CFG_CLOCK_STARTUP_ERROR_CALLBACK, place your clock startup code here. */
 138:Generated_Source\PSoC4/cyfitter_cfg.c ****     /* `#START CyClockStartupError` */
 139:Generated_Source\PSoC4/cyfitter_cfg.c **** 
 140:Generated_Source\PSoC4/cyfitter_cfg.c **** 
 141:Generated_Source\PSoC4/cyfitter_cfg.c **** 
 142:Generated_Source\PSoC4/cyfitter_cfg.c ****     /* `#END` */
 143:Generated_Source\PSoC4/cyfitter_cfg.c **** 
 144:Generated_Source\PSoC4/cyfitter_cfg.c ****     while(1) {}
 145:Generated_Source\PSoC4/cyfitter_cfg.c **** #endif /* CY_CFG_CLOCK_STARTUP_ERROR_CALLBACK */
ARM GAS  C:\Users\rpbri\AppData\Local\Temp\cc1Pey9a.s 			page 4


 146:Generated_Source\PSoC4/cyfitter_cfg.c **** }
 147:Generated_Source\PSoC4/cyfitter_cfg.c **** #endif
 148:Generated_Source\PSoC4/cyfitter_cfg.c **** 
 149:Generated_Source\PSoC4/cyfitter_cfg.c **** 
 150:Generated_Source\PSoC4/cyfitter_cfg.c **** 
 151:Generated_Source\PSoC4/cyfitter_cfg.c **** /*******************************************************************************
 152:Generated_Source\PSoC4/cyfitter_cfg.c **** * Function Name: ClockSetup
 153:Generated_Source\PSoC4/cyfitter_cfg.c **** ********************************************************************************
 154:Generated_Source\PSoC4/cyfitter_cfg.c **** *
 155:Generated_Source\PSoC4/cyfitter_cfg.c **** * Summary:
 156:Generated_Source\PSoC4/cyfitter_cfg.c **** *   Performs the initialization of all of the clocks in the device based on the
 157:Generated_Source\PSoC4/cyfitter_cfg.c **** *   settings in the Clock tab of the DWR.  This includes enabling the requested
 158:Generated_Source\PSoC4/cyfitter_cfg.c **** *   clocks and setting the necessary dividers to produce the desired frequency. 
 159:Generated_Source\PSoC4/cyfitter_cfg.c **** *
 160:Generated_Source\PSoC4/cyfitter_cfg.c **** * Parameters:
 161:Generated_Source\PSoC4/cyfitter_cfg.c **** *   void
 162:Generated_Source\PSoC4/cyfitter_cfg.c **** *
 163:Generated_Source\PSoC4/cyfitter_cfg.c **** * Return:
 164:Generated_Source\PSoC4/cyfitter_cfg.c **** *   void
 165:Generated_Source\PSoC4/cyfitter_cfg.c **** *
 166:Generated_Source\PSoC4/cyfitter_cfg.c **** *******************************************************************************/
 167:Generated_Source\PSoC4/cyfitter_cfg.c **** static void ClockSetup(void);
 168:Generated_Source\PSoC4/cyfitter_cfg.c **** CY_CFG_SECTION
 169:Generated_Source\PSoC4/cyfitter_cfg.c **** static void ClockSetup(void)
 170:Generated_Source\PSoC4/cyfitter_cfg.c **** {
  27              		.loc 1 170 0
  28              		.cfi_startproc
  29              		@ args = 0, pretend = 0, frame = 0
  30              		@ frame_needed = 0, uses_anonymous_args = 0
  31 0000 10B5     		push	{r4, lr}
  32              		.cfi_def_cfa_offset 8
  33              		.cfi_offset 4, -8
  34              		.cfi_offset 14, -4
 171:Generated_Source\PSoC4/cyfitter_cfg.c **** 
 172:Generated_Source\PSoC4/cyfitter_cfg.c **** 	/* Set Flash Cycles based on max possible frequency in case a glitch occurs during ClockSetup(). *
 173:Generated_Source\PSoC4/cyfitter_cfg.c **** 	CY_SET_REG32((void CYXDATA *)(CYREG_CPUSS_FLASH_CTL), (0x0012u));
  35              		.loc 1 173 0
  36 0002 0B4C     		ldr	r4, .L2
  37 0004 1223     		movs	r3, #18
  38 0006 2360     		str	r3, [r4]
 174:Generated_Source\PSoC4/cyfitter_cfg.c **** 	/* Update IMO to new clock speed. */
 175:Generated_Source\PSoC4/cyfitter_cfg.c **** 	CySysClkWriteImoFreq(24u);
  39              		.loc 1 175 0
  40 0008 1820     		movs	r0, #24
  41 000a FFF7FEFF 		bl	CySysClkWriteImoFreq
  42              	.LVL0:
 176:Generated_Source\PSoC4/cyfitter_cfg.c **** 
 177:Generated_Source\PSoC4/cyfitter_cfg.c **** 	/* Setup phase aligned clocks */
 178:Generated_Source\PSoC4/cyfitter_cfg.c **** 	CY_SET_REG32((void *)CYREG_PERI_DIV_16_CTL0, 0x0000FE00u);
  43              		.loc 1 178 0
  44 000e FE22     		movs	r2, #254
  45 0010 1202     		lsls	r2, r2, #8
  46 0012 084B     		ldr	r3, .L2+4
  47 0014 1A60     		str	r2, [r3]
 179:Generated_Source\PSoC4/cyfitter_cfg.c **** 	CY_SET_REG32((void *)CYREG_PERI_DIV_CMD, 0x8000FF40u);
  48              		.loc 1 179 0
  49 0016 084A     		ldr	r2, .L2+8
ARM GAS  C:\Users\rpbri\AppData\Local\Temp\cc1Pey9a.s 			page 5


  50 0018 084B     		ldr	r3, .L2+12
  51 001a 1A60     		str	r2, [r3]
 180:Generated_Source\PSoC4/cyfitter_cfg.c **** 
 181:Generated_Source\PSoC4/cyfitter_cfg.c **** 	/* CYDEV_CLK_SELECT Starting address: CYDEV_CLK_SELECT */
 182:Generated_Source\PSoC4/cyfitter_cfg.c **** 	CY_SET_REG32((void *)(CYREG_CLK_SELECT), 0x00000000u);
  52              		.loc 1 182 0
  53 001c 0022     		movs	r2, #0
  54 001e 084B     		ldr	r3, .L2+16
  55 0020 1A60     		str	r2, [r3]
 183:Generated_Source\PSoC4/cyfitter_cfg.c **** 
 184:Generated_Source\PSoC4/cyfitter_cfg.c **** 	/* CYDEV_PERI_PCLK_CTL2 Starting address: CYDEV_PERI_PCLK_CTL2 */
 185:Generated_Source\PSoC4/cyfitter_cfg.c **** 	CY_SET_REG32((void *)(CYREG_PERI_PCLK_CTL2), 0x00000040u);
  56              		.loc 1 185 0
  57 0022 4032     		adds	r2, r2, #64
  58 0024 074B     		ldr	r3, .L2+20
  59 0026 1A60     		str	r2, [r3]
 186:Generated_Source\PSoC4/cyfitter_cfg.c **** 
 187:Generated_Source\PSoC4/cyfitter_cfg.c **** 	/* Set Flash Cycles based on newly configured 24.00MHz HFCLK. */
 188:Generated_Source\PSoC4/cyfitter_cfg.c **** 	CY_SET_REG32((void CYXDATA *)(CYREG_CPUSS_FLASH_CTL), (0x0011u));
  60              		.loc 1 188 0
  61 0028 1123     		movs	r3, #17
  62 002a 2360     		str	r3, [r4]
 189:Generated_Source\PSoC4/cyfitter_cfg.c **** }
  63              		.loc 1 189 0
  64              		@ sp needed
  65 002c 10BD     		pop	{r4, pc}
  66              	.L3:
  67 002e C046     		.align	2
  68              	.L2:
  69 0030 30001040 		.word	1074790448
  70 0034 00030140 		.word	1073808128
  71 0038 40FF0080 		.word	-2147418304
  72 003c 00000140 		.word	1073807360
  73 0040 28000340 		.word	1073938472
  74 0044 08010140 		.word	1073807624
  75              		.cfi_endproc
  76              	.LFE4:
  77              		.size	ClockSetup, .-ClockSetup
  78              		.section	.text.SetAnalogRoutingPumps,"ax",%progbits
  79              		.align	2
  80              		.global	SetAnalogRoutingPumps
  81              		.code	16
  82              		.thumb_func
  83              		.type	SetAnalogRoutingPumps, %function
  84              	SetAnalogRoutingPumps:
  85              	.LFB6:
 190:Generated_Source\PSoC4/cyfitter_cfg.c **** 
 191:Generated_Source\PSoC4/cyfitter_cfg.c **** 
 192:Generated_Source\PSoC4/cyfitter_cfg.c **** /* Analog API Functions */
 193:Generated_Source\PSoC4/cyfitter_cfg.c **** 
 194:Generated_Source\PSoC4/cyfitter_cfg.c **** 
 195:Generated_Source\PSoC4/cyfitter_cfg.c **** /*******************************************************************************
 196:Generated_Source\PSoC4/cyfitter_cfg.c **** * Function Name: AnalogSetDefault
 197:Generated_Source\PSoC4/cyfitter_cfg.c **** ********************************************************************************
 198:Generated_Source\PSoC4/cyfitter_cfg.c **** *
 199:Generated_Source\PSoC4/cyfitter_cfg.c **** * Summary:
 200:Generated_Source\PSoC4/cyfitter_cfg.c **** *  Sets up the analog portions of the chip to default values based on chip
ARM GAS  C:\Users\rpbri\AppData\Local\Temp\cc1Pey9a.s 			page 6


 201:Generated_Source\PSoC4/cyfitter_cfg.c **** *  configuration options from the project.
 202:Generated_Source\PSoC4/cyfitter_cfg.c **** *
 203:Generated_Source\PSoC4/cyfitter_cfg.c **** * Parameters:
 204:Generated_Source\PSoC4/cyfitter_cfg.c **** *  void
 205:Generated_Source\PSoC4/cyfitter_cfg.c **** *
 206:Generated_Source\PSoC4/cyfitter_cfg.c **** * Return:
 207:Generated_Source\PSoC4/cyfitter_cfg.c **** *  void
 208:Generated_Source\PSoC4/cyfitter_cfg.c **** *
 209:Generated_Source\PSoC4/cyfitter_cfg.c **** *******************************************************************************/
 210:Generated_Source\PSoC4/cyfitter_cfg.c **** static void AnalogSetDefault(void);
 211:Generated_Source\PSoC4/cyfitter_cfg.c **** static void AnalogSetDefault(void)
 212:Generated_Source\PSoC4/cyfitter_cfg.c **** {
 213:Generated_Source\PSoC4/cyfitter_cfg.c **** 	CY_SET_XTND_REG32((void CYFAR *)CYREG_CSD_SW_BYP_SEL, 0x00001000u);
 214:Generated_Source\PSoC4/cyfitter_cfg.c **** 	CY_SET_XTND_REG32((void CYFAR *)CYREG_CSD_SW_DSI_SEL, 0x00000011u);
 215:Generated_Source\PSoC4/cyfitter_cfg.c **** 	SetAnalogRoutingPumps(1);
 216:Generated_Source\PSoC4/cyfitter_cfg.c **** }
 217:Generated_Source\PSoC4/cyfitter_cfg.c **** 
 218:Generated_Source\PSoC4/cyfitter_cfg.c **** 
 219:Generated_Source\PSoC4/cyfitter_cfg.c **** /*******************************************************************************
 220:Generated_Source\PSoC4/cyfitter_cfg.c **** * Function Name: SetAnalogRoutingPumps
 221:Generated_Source\PSoC4/cyfitter_cfg.c **** ********************************************************************************
 222:Generated_Source\PSoC4/cyfitter_cfg.c **** *
 223:Generated_Source\PSoC4/cyfitter_cfg.c **** * Summary:
 224:Generated_Source\PSoC4/cyfitter_cfg.c **** * Enables or disables the analog pumps feeding analog routing switches.
 225:Generated_Source\PSoC4/cyfitter_cfg.c **** * Intended to be called at startup, based on the Vdda system configuration;
 226:Generated_Source\PSoC4/cyfitter_cfg.c **** * may be called during operation when the user informs us that the Vdda voltage crossed the pump th
 227:Generated_Source\PSoC4/cyfitter_cfg.c **** *
 228:Generated_Source\PSoC4/cyfitter_cfg.c **** * Parameters:
 229:Generated_Source\PSoC4/cyfitter_cfg.c **** *  enabled - 1 to enable the pumps, 0 to disable the pumps
 230:Generated_Source\PSoC4/cyfitter_cfg.c **** *
 231:Generated_Source\PSoC4/cyfitter_cfg.c **** * Return:
 232:Generated_Source\PSoC4/cyfitter_cfg.c **** *  void
 233:Generated_Source\PSoC4/cyfitter_cfg.c **** *
 234:Generated_Source\PSoC4/cyfitter_cfg.c **** *******************************************************************************/
 235:Generated_Source\PSoC4/cyfitter_cfg.c **** void SetAnalogRoutingPumps(uint8 enabled)
 236:Generated_Source\PSoC4/cyfitter_cfg.c **** {
  86              		.loc 1 236 0
  87              		.cfi_startproc
  88              		@ args = 0, pretend = 0, frame = 0
  89              		@ frame_needed = 0, uses_anonymous_args = 0
  90              		@ link register save eliminated.
  91              	.LVL1:
 237:Generated_Source\PSoC4/cyfitter_cfg.c **** 	uint32 regValue = CY_GET_XTND_REG32((void *)(CYREG_HSIOM_PUMP_CTL));
  92              		.loc 1 237 0
  93 0000 0B4B     		ldr	r3, .L9
  94 0002 1B68     		ldr	r3, [r3]
  95              	.LVL2:
 238:Generated_Source\PSoC4/cyfitter_cfg.c **** 	if (enabled != 0u)
  96              		.loc 1 238 0
  97 0004 0028     		cmp	r0, #0
  98 0006 03D0     		beq	.L5
 239:Generated_Source\PSoC4/cyfitter_cfg.c **** 	{
 240:Generated_Source\PSoC4/cyfitter_cfg.c **** 		regValue |= 0x80000000u;
  99              		.loc 1 240 0
 100 0008 8022     		movs	r2, #128
 101 000a 1206     		lsls	r2, r2, #24
 102 000c 1343     		orrs	r3, r2
ARM GAS  C:\Users\rpbri\AppData\Local\Temp\cc1Pey9a.s 			page 7


 103              	.LVL3:
 104 000e 01E0     		b	.L6
 105              	.L5:
 241:Generated_Source\PSoC4/cyfitter_cfg.c **** 	}
 242:Generated_Source\PSoC4/cyfitter_cfg.c **** 	else
 243:Generated_Source\PSoC4/cyfitter_cfg.c **** 	{
 244:Generated_Source\PSoC4/cyfitter_cfg.c **** 		regValue &= ~0x80000000u;
 106              		.loc 1 244 0
 107 0010 5B00     		lsls	r3, r3, #1
 108              	.LVL4:
 109 0012 5B08     		lsrs	r3, r3, #1
 110              	.LVL5:
 111              	.L6:
 245:Generated_Source\PSoC4/cyfitter_cfg.c **** 	}
 246:Generated_Source\PSoC4/cyfitter_cfg.c **** 	CY_SET_XTND_REG32((void *)(CYREG_HSIOM_PUMP_CTL), regValue);
 112              		.loc 1 246 0
 113 0014 064A     		ldr	r2, .L9
 114 0016 1360     		str	r3, [r2]
 247:Generated_Source\PSoC4/cyfitter_cfg.c **** 	regValue = CY_GET_XTND_REG32((void *)(CYREG_CLK_SELECT));
 115              		.loc 1 247 0
 116 0018 064B     		ldr	r3, .L9+4
 117              	.LVL6:
 118 001a 1B68     		ldr	r3, [r3]
 119              	.LVL7:
 248:Generated_Source\PSoC4/cyfitter_cfg.c **** 	if (enabled != 0u)
 120              		.loc 1 248 0
 121 001c 0028     		cmp	r0, #0
 122 001e 02D0     		beq	.L7
 249:Generated_Source\PSoC4/cyfitter_cfg.c **** 	{
 250:Generated_Source\PSoC4/cyfitter_cfg.c **** 		regValue |= 0x00000020u;
 123              		.loc 1 250 0
 124 0020 2022     		movs	r2, #32
 125 0022 1343     		orrs	r3, r2
 126              	.LVL8:
 127 0024 01E0     		b	.L8
 128              	.L7:
 251:Generated_Source\PSoC4/cyfitter_cfg.c **** 	}
 252:Generated_Source\PSoC4/cyfitter_cfg.c **** 	else
 253:Generated_Source\PSoC4/cyfitter_cfg.c **** 	{
 254:Generated_Source\PSoC4/cyfitter_cfg.c **** 		regValue &= ~0x00000020u;
 129              		.loc 1 254 0
 130 0026 2022     		movs	r2, #32
 131 0028 9343     		bics	r3, r2
 132              	.LVL9:
 133              	.L8:
 255:Generated_Source\PSoC4/cyfitter_cfg.c **** 	}
 256:Generated_Source\PSoC4/cyfitter_cfg.c **** 	CY_SET_XTND_REG32((void *)(CYREG_CLK_SELECT), regValue);
 134              		.loc 1 256 0
 135 002a 024A     		ldr	r2, .L9+4
 136 002c 1360     		str	r3, [r2]
 257:Generated_Source\PSoC4/cyfitter_cfg.c **** }
 137              		.loc 1 257 0
 138              		@ sp needed
 139 002e 7047     		bx	lr
 140              	.L10:
 141              		.align	2
 142              	.L9:
ARM GAS  C:\Users\rpbri\AppData\Local\Temp\cc1Pey9a.s 			page 8


 143 0030 00200240 		.word	1073881088
 144 0034 28000340 		.word	1073938472
 145              		.cfi_endproc
 146              	.LFE6:
 147              		.size	SetAnalogRoutingPumps, .-SetAnalogRoutingPumps
 148              		.section	.text.AnalogSetDefault,"ax",%progbits
 149              		.align	2
 150              		.code	16
 151              		.thumb_func
 152              		.type	AnalogSetDefault, %function
 153              	AnalogSetDefault:
 154              	.LFB5:
 212:Generated_Source\PSoC4/cyfitter_cfg.c **** 	CY_SET_XTND_REG32((void CYFAR *)CYREG_CSD_SW_BYP_SEL, 0x00001000u);
 155              		.loc 1 212 0
 156              		.cfi_startproc
 157              		@ args = 0, pretend = 0, frame = 0
 158              		@ frame_needed = 0, uses_anonymous_args = 0
 159 0000 10B5     		push	{r4, lr}
 160              		.cfi_def_cfa_offset 8
 161              		.cfi_offset 4, -8
 162              		.cfi_offset 14, -4
 213:Generated_Source\PSoC4/cyfitter_cfg.c **** 	CY_SET_XTND_REG32((void CYFAR *)CYREG_CSD_SW_DSI_SEL, 0x00000011u);
 163              		.loc 1 213 0
 164 0002 8022     		movs	r2, #128
 165 0004 5201     		lsls	r2, r2, #5
 166 0006 044B     		ldr	r3, .L12
 167 0008 1A60     		str	r2, [r3]
 214:Generated_Source\PSoC4/cyfitter_cfg.c **** 	SetAnalogRoutingPumps(1);
 168              		.loc 1 214 0
 169 000a 1122     		movs	r2, #17
 170 000c 034B     		ldr	r3, .L12+4
 171 000e 1A60     		str	r2, [r3]
 215:Generated_Source\PSoC4/cyfitter_cfg.c **** }
 172              		.loc 1 215 0
 173 0010 0120     		movs	r0, #1
 174 0012 FFF7FEFF 		bl	SetAnalogRoutingPumps
 175              	.LVL10:
 216:Generated_Source\PSoC4/cyfitter_cfg.c **** 
 176              		.loc 1 216 0
 177              		@ sp needed
 178 0016 10BD     		pop	{r4, pc}
 179              	.L13:
 180              		.align	2
 181              	.L12:
 182 0018 94020B40 		.word	1074463380
 183 001c C0020B40 		.word	1074463424
 184              		.cfi_endproc
 185              	.LFE5:
 186              		.size	AnalogSetDefault, .-AnalogSetDefault
 187              		.section	.psocinit
 188              		.align	2
 189              		.global	cyfitter_cfg
 190              		.code	16
 191              		.thumb_func
 192              		.type	cyfitter_cfg, %function
 193              	cyfitter_cfg:
 194              	.LFB7:
ARM GAS  C:\Users\rpbri\AppData\Local\Temp\cc1Pey9a.s 			page 9


 258:Generated_Source\PSoC4/cyfitter_cfg.c **** 
 259:Generated_Source\PSoC4/cyfitter_cfg.c **** 
 260:Generated_Source\PSoC4/cyfitter_cfg.c **** 
 261:Generated_Source\PSoC4/cyfitter_cfg.c **** 
 262:Generated_Source\PSoC4/cyfitter_cfg.c **** /*******************************************************************************
 263:Generated_Source\PSoC4/cyfitter_cfg.c **** * Function Name: cyfitter_cfg
 264:Generated_Source\PSoC4/cyfitter_cfg.c **** ********************************************************************************
 265:Generated_Source\PSoC4/cyfitter_cfg.c **** * Summary:
 266:Generated_Source\PSoC4/cyfitter_cfg.c **** *  This function is called by the start-up code for the selected device. It
 267:Generated_Source\PSoC4/cyfitter_cfg.c **** *  performs all of the necessary device configuration based on the design
 268:Generated_Source\PSoC4/cyfitter_cfg.c **** *  settings.  This includes settings from the Design Wide Resources (DWR) such
 269:Generated_Source\PSoC4/cyfitter_cfg.c **** *  as Clocks and Pins as well as any component configuration that is necessary.
 270:Generated_Source\PSoC4/cyfitter_cfg.c **** *
 271:Generated_Source\PSoC4/cyfitter_cfg.c **** * Parameters:
 272:Generated_Source\PSoC4/cyfitter_cfg.c **** *   void
 273:Generated_Source\PSoC4/cyfitter_cfg.c **** *
 274:Generated_Source\PSoC4/cyfitter_cfg.c **** * Return:
 275:Generated_Source\PSoC4/cyfitter_cfg.c **** *   void
 276:Generated_Source\PSoC4/cyfitter_cfg.c **** *
 277:Generated_Source\PSoC4/cyfitter_cfg.c **** *******************************************************************************/
 278:Generated_Source\PSoC4/cyfitter_cfg.c **** CY_CFG_SECTION
 279:Generated_Source\PSoC4/cyfitter_cfg.c **** void cyfitter_cfg(void)
 280:Generated_Source\PSoC4/cyfitter_cfg.c **** {
 195              		.loc 1 280 0
 196              		.cfi_startproc
 197              		@ args = 0, pretend = 0, frame = 0
 198              		@ frame_needed = 0, uses_anonymous_args = 0
 199 0048 10B5     		push	{r4, lr}
 200              		.cfi_def_cfa_offset 8
 201              		.cfi_offset 4, -8
 202              		.cfi_offset 14, -4
 281:Generated_Source\PSoC4/cyfitter_cfg.c **** 	/* Disable interrupts by default. Let user enable if/when they want. */
 282:Generated_Source\PSoC4/cyfitter_cfg.c **** 	CyGlobalIntDisable;
 203              		.loc 1 282 0
 204              		.syntax divided
 205              	@ 282 "Generated_Source\PSoC4\cyfitter_cfg.c" 1
 206 004a 72B6     		CPSID   i
 207              	@ 0 "" 2
 283:Generated_Source\PSoC4/cyfitter_cfg.c **** 
 284:Generated_Source\PSoC4/cyfitter_cfg.c **** 	{
 285:Generated_Source\PSoC4/cyfitter_cfg.c **** 		/* HSIOM Starting address: CYDEV_HSIOM_BASE */
 286:Generated_Source\PSoC4/cyfitter_cfg.c **** 		CY_SET_REG32((void *)(CYDEV_HSIOM_BASE), 0x06006666u);
 208              		.loc 1 286 0
 209              		.thumb
 210              		.syntax unified
 211 004c 174A     		ldr	r2, .L15
 212 004e 184B     		ldr	r3, .L15+4
 213 0050 1A60     		str	r2, [r3]
 287:Generated_Source\PSoC4/cyfitter_cfg.c **** 		CY_SET_REG32((void *)(CYREG_HSIOM_PORT_SEL1), 0x06666000u);
 214              		.loc 1 287 0
 215 0052 184A     		ldr	r2, .L15+8
 216 0054 184B     		ldr	r3, .L15+12
 217 0056 1A60     		str	r2, [r3]
 288:Generated_Source\PSoC4/cyfitter_cfg.c **** 		CY_SET_REG32((void *)(CYREG_HSIOM_PORT_SEL3), 0x0000EE00u);
 218              		.loc 1 288 0
 219 0058 EE22     		movs	r2, #238
 220 005a 1202     		lsls	r2, r2, #8
ARM GAS  C:\Users\rpbri\AppData\Local\Temp\cc1Pey9a.s 			page 10


 221 005c 174B     		ldr	r3, .L15+16
 222 005e 1A60     		str	r2, [r3]
 289:Generated_Source\PSoC4/cyfitter_cfg.c **** 
 290:Generated_Source\PSoC4/cyfitter_cfg.c **** 	}
 291:Generated_Source\PSoC4/cyfitter_cfg.c **** 
 292:Generated_Source\PSoC4/cyfitter_cfg.c **** 	/* Perform second pass device configuration. These items must be configured in specific order afte
 293:Generated_Source\PSoC4/cyfitter_cfg.c **** 	/* IOPINS0_0 Starting address: CYDEV_GPIO_PRT0_BASE */
 294:Generated_Source\PSoC4/cyfitter_cfg.c **** 	CY_SET_REG32((void *)(CYDEV_GPIO_PRT0_BASE), 0x0000004Eu);
 223              		.loc 1 294 0
 224 0060 4E22     		movs	r2, #78
 225 0062 174B     		ldr	r3, .L15+20
 226 0064 1A60     		str	r2, [r3]
 295:Generated_Source\PSoC4/cyfitter_cfg.c **** 	CY_SET_REG32((void *)(CYREG_GPIO_PRT0_PC2), 0x0000004Fu);
 227              		.loc 1 295 0
 228 0066 0132     		adds	r2, r2, #1
 229 0068 164B     		ldr	r3, .L15+24
 230 006a 1A60     		str	r2, [r3]
 296:Generated_Source\PSoC4/cyfitter_cfg.c **** 
 297:Generated_Source\PSoC4/cyfitter_cfg.c **** 	/* IOPINS0_1 Starting address: CYDEV_GPIO_PRT1_BASE */
 298:Generated_Source\PSoC4/cyfitter_cfg.c **** 	CY_SET_REG32((void *)(CYDEV_GPIO_PRT1_BASE), 0x00000060u);
 231              		.loc 1 298 0
 232 006c 1132     		adds	r2, r2, #17
 233 006e 164B     		ldr	r3, .L15+28
 234 0070 1A60     		str	r2, [r3]
 299:Generated_Source\PSoC4/cyfitter_cfg.c **** 	CY_SET_REG32((void *)(CYREG_GPIO_PRT1_PC), 0x0000000Eu);
 235              		.loc 1 299 0
 236 0072 0E23     		movs	r3, #14
 237 0074 154A     		ldr	r2, .L15+32
 238 0076 1360     		str	r3, [r2]
 300:Generated_Source\PSoC4/cyfitter_cfg.c **** 	CY_SET_REG32((void *)(CYREG_GPIO_PRT1_INTR_CFG), 0x00000004u);
 239              		.loc 1 300 0
 240 0078 0421     		movs	r1, #4
 241 007a 154A     		ldr	r2, .L15+36
 242 007c 1160     		str	r1, [r2]
 301:Generated_Source\PSoC4/cyfitter_cfg.c **** 	CY_SET_REG32((void *)(CYREG_GPIO_PRT1_PC2), 0x00000078u);
 243              		.loc 1 301 0
 244 007e 7431     		adds	r1, r1, #116
 245 0080 144A     		ldr	r2, .L15+40
 246 0082 1160     		str	r1, [r2]
 302:Generated_Source\PSoC4/cyfitter_cfg.c **** 
 303:Generated_Source\PSoC4/cyfitter_cfg.c **** 	/* IOPINS0_2 Starting address: CYDEV_GPIO_PRT2_BASE */
 304:Generated_Source\PSoC4/cyfitter_cfg.c **** 	CY_SET_REG32((void *)(CYDEV_GPIO_PRT2_BASE), 0x0000001Fu);
 247              		.loc 1 304 0
 248 0084 5939     		subs	r1, r1, #89
 249 0086 144A     		ldr	r2, .L15+44
 250 0088 1160     		str	r1, [r2]
 305:Generated_Source\PSoC4/cyfitter_cfg.c **** 	CY_SET_REG32((void *)(CYREG_GPIO_PRT2_PC), 0x00006DB6u);
 251              		.loc 1 305 0
 252 008a 1449     		ldr	r1, .L15+48
 253 008c 144A     		ldr	r2, .L15+52
 254 008e 1160     		str	r1, [r2]
 306:Generated_Source\PSoC4/cyfitter_cfg.c **** 
 307:Generated_Source\PSoC4/cyfitter_cfg.c **** 	/* IOPINS0_3 Starting address: CYDEV_GPIO_PRT3_BASE */
 308:Generated_Source\PSoC4/cyfitter_cfg.c **** 	CY_SET_REG32((void *)(CYDEV_GPIO_PRT3_BASE), 0x00000070u);
 255              		.loc 1 308 0
 256 0090 7021     		movs	r1, #112
 257 0092 144A     		ldr	r2, .L15+56
ARM GAS  C:\Users\rpbri\AppData\Local\Temp\cc1Pey9a.s 			page 11


 258 0094 1160     		str	r1, [r2]
 309:Generated_Source\PSoC4/cyfitter_cfg.c **** 	CY_SET_REG32((void *)(CYREG_GPIO_PRT3_PC), 0x001B6D80u);
 259              		.loc 1 309 0
 260 0096 1449     		ldr	r1, .L15+60
 261 0098 144A     		ldr	r2, .L15+64
 262 009a 1160     		str	r1, [r2]
 310:Generated_Source\PSoC4/cyfitter_cfg.c **** 
 311:Generated_Source\PSoC4/cyfitter_cfg.c **** 	/* IOPINS0_4 Starting address: CYDEV_GPIO_PRT4_BASE */
 312:Generated_Source\PSoC4/cyfitter_cfg.c **** 	CY_SET_REG32((void *)(CYREG_GPIO_PRT4_PC2), 0x0000000Eu);
 263              		.loc 1 312 0
 264 009c 144A     		ldr	r2, .L15+68
 265 009e 1360     		str	r3, [r2]
 313:Generated_Source\PSoC4/cyfitter_cfg.c **** 
 314:Generated_Source\PSoC4/cyfitter_cfg.c **** 
 315:Generated_Source\PSoC4/cyfitter_cfg.c **** 	/* Setup clocks based on selections from Clock DWR */
 316:Generated_Source\PSoC4/cyfitter_cfg.c **** 	ClockSetup();
 266              		.loc 1 316 0
 267 00a0 FFF7AEFF 		bl	ClockSetup
 268              	.LVL11:
 317:Generated_Source\PSoC4/cyfitter_cfg.c **** 
 318:Generated_Source\PSoC4/cyfitter_cfg.c **** 	/* Perform basic analog initialization to defaults */
 319:Generated_Source\PSoC4/cyfitter_cfg.c **** 	AnalogSetDefault();
 269              		.loc 1 319 0
 270 00a4 FFF7FEFF 		bl	AnalogSetDefault
 271              	.LVL12:
 320:Generated_Source\PSoC4/cyfitter_cfg.c **** 
 321:Generated_Source\PSoC4/cyfitter_cfg.c **** }
 272              		.loc 1 321 0
 273              		@ sp needed
 274 00a8 10BD     		pop	{r4, pc}
 275              	.L16:
 276 00aa C046     		.align	2
 277              	.L15:
 278 00ac 66660006 		.word	100689510
 279 00b0 00000240 		.word	1073872896
 280 00b4 00606606 		.word	107372544
 281 00b8 00010240 		.word	1073873152
 282 00bc 00030240 		.word	1073873664
 283 00c0 00000440 		.word	1074003968
 284 00c4 18000440 		.word	1074003992
 285 00c8 00010440 		.word	1074004224
 286 00cc 08010440 		.word	1074004232
 287 00d0 0C010440 		.word	1074004236
 288 00d4 18010440 		.word	1074004248
 289 00d8 00020440 		.word	1074004480
 290 00dc B66D0000 		.word	28086
 291 00e0 08020440 		.word	1074004488
 292 00e4 00030440 		.word	1074004736
 293 00e8 806D1B00 		.word	1797504
 294 00ec 08030440 		.word	1074004744
 295 00f0 18040440 		.word	1074005016
 296              		.cfi_endproc
 297              	.LFE7:
 298              		.size	cyfitter_cfg, .-cyfitter_cfg
 299              		.text
 300              	.Letext0:
 301              		.file 2 "Generated_Source\\PSoC4\\cytypes.h"
ARM GAS  C:\Users\rpbri\AppData\Local\Temp\cc1Pey9a.s 			page 12


 302              		.file 3 "Generated_Source\\PSoC4\\CyLib.h"
 303              		.section	.debug_info,"",%progbits
 304              	.Ldebug_info0:
 305 0000 64010000 		.4byte	0x164
 306 0004 0400     		.2byte	0x4
 307 0006 00000000 		.4byte	.Ldebug_abbrev0
 308 000a 04       		.byte	0x4
 309 000b 01       		.uleb128 0x1
 310 000c AE010000 		.4byte	.LASF21
 311 0010 0C       		.byte	0xc
 312 0011 15000000 		.4byte	.LASF22
 313 0015 48000000 		.4byte	.LASF23
 314 0019 00000000 		.4byte	.Ldebug_ranges0+0
 315 001d 00000000 		.4byte	0
 316 0021 00000000 		.4byte	.Ldebug_line0
 317 0025 02       		.uleb128 0x2
 318 0026 04       		.byte	0x4
 319 0027 05       		.byte	0x5
 320 0028 696E7400 		.ascii	"int\000"
 321 002c 03       		.uleb128 0x3
 322 002d 04       		.byte	0x4
 323 002e 07       		.byte	0x7
 324 002f 3B000000 		.4byte	.LASF0
 325 0033 03       		.uleb128 0x3
 326 0034 08       		.byte	0x8
 327 0035 05       		.byte	0x5
 328 0036 00000000 		.4byte	.LASF1
 329 003a 03       		.uleb128 0x3
 330 003b 08       		.byte	0x8
 331 003c 04       		.byte	0x4
 332 003d 87010000 		.4byte	.LASF2
 333 0041 03       		.uleb128 0x3
 334 0042 01       		.byte	0x1
 335 0043 06       		.byte	0x6
 336 0044 7B010000 		.4byte	.LASF3
 337 0048 03       		.uleb128 0x3
 338 0049 01       		.byte	0x1
 339 004a 08       		.byte	0x8
 340 004b 23010000 		.4byte	.LASF4
 341 004f 03       		.uleb128 0x3
 342 0050 02       		.byte	0x2
 343 0051 05       		.byte	0x5
 344 0052 A4010000 		.4byte	.LASF5
 345 0056 03       		.uleb128 0x3
 346 0057 02       		.byte	0x2
 347 0058 07       		.byte	0x7
 348 0059 68010000 		.4byte	.LASF6
 349 005d 03       		.uleb128 0x3
 350 005e 04       		.byte	0x4
 351 005f 05       		.byte	0x5
 352 0060 36010000 		.4byte	.LASF7
 353 0064 03       		.uleb128 0x3
 354 0065 04       		.byte	0x4
 355 0066 07       		.byte	0x7
 356 0067 BC000000 		.4byte	.LASF8
 357 006b 03       		.uleb128 0x3
 358 006c 08       		.byte	0x8
ARM GAS  C:\Users\rpbri\AppData\Local\Temp\cc1Pey9a.s 			page 13


 359 006d 07       		.byte	0x7
 360 006e DB000000 		.4byte	.LASF9
 361 0072 03       		.uleb128 0x3
 362 0073 04       		.byte	0x4
 363 0074 07       		.byte	0x7
 364 0075 40020000 		.4byte	.LASF10
 365 0079 03       		.uleb128 0x3
 366 007a 01       		.byte	0x1
 367 007b 08       		.byte	0x8
 368 007c 31010000 		.4byte	.LASF11
 369 0080 04       		.uleb128 0x4
 370 0081 B6000000 		.4byte	.LASF12
 371 0085 02       		.byte	0x2
 372 0086 E401     		.2byte	0x1e4
 373 0088 48000000 		.4byte	0x48
 374 008c 04       		.uleb128 0x4
 375 008d 0E000000 		.4byte	.LASF13
 376 0091 02       		.byte	0x2
 377 0092 E601     		.2byte	0x1e6
 378 0094 64000000 		.4byte	0x64
 379 0098 03       		.uleb128 0x3
 380 0099 04       		.byte	0x4
 381 009a 04       		.byte	0x4
 382 009b F2000000 		.4byte	.LASF14
 383 009f 03       		.uleb128 0x3
 384 00a0 08       		.byte	0x8
 385 00a1 04       		.byte	0x4
 386 00a2 5B010000 		.4byte	.LASF15
 387 00a6 04       		.uleb128 0x4
 388 00a7 62010000 		.4byte	.LASF16
 389 00ab 02       		.byte	0x2
 390 00ac 9002     		.2byte	0x290
 391 00ae B2000000 		.4byte	0xb2
 392 00b2 05       		.uleb128 0x5
 393 00b3 8C000000 		.4byte	0x8c
 394 00b7 06       		.uleb128 0x6
 395 00b8 50010000 		.4byte	.LASF17
 396 00bc 01       		.byte	0x1
 397 00bd A9       		.byte	0xa9
 398 00be 00000000 		.4byte	.LFB4
 399 00c2 48000000 		.4byte	.LFE4-.LFB4
 400 00c6 01       		.uleb128 0x1
 401 00c7 9C       		.byte	0x9c
 402 00c8 DC000000 		.4byte	0xdc
 403 00cc 07       		.uleb128 0x7
 404 00cd 0E000000 		.4byte	.LVL0
 405 00d1 5C010000 		.4byte	0x15c
 406 00d5 08       		.uleb128 0x8
 407 00d6 01       		.uleb128 0x1
 408 00d7 50       		.byte	0x50
 409 00d8 01       		.uleb128 0x1
 410 00d9 48       		.byte	0x48
 411 00da 00       		.byte	0
 412 00db 00       		.byte	0
 413 00dc 09       		.uleb128 0x9
 414 00dd F8000000 		.4byte	.LASF19
 415 00e1 01       		.byte	0x1
ARM GAS  C:\Users\rpbri\AppData\Local\Temp\cc1Pey9a.s 			page 14


 416 00e2 EB       		.byte	0xeb
 417 00e3 00000000 		.4byte	.LFB6
 418 00e7 38000000 		.4byte	.LFE6-.LFB6
 419 00eb 01       		.uleb128 0x1
 420 00ec 9C       		.byte	0x9c
 421 00ed 0E010000 		.4byte	0x10e
 422 00f1 0A       		.uleb128 0xa
 423 00f2 93010000 		.4byte	.LASF24
 424 00f6 01       		.byte	0x1
 425 00f7 EB       		.byte	0xeb
 426 00f8 80000000 		.4byte	0x80
 427 00fc 01       		.uleb128 0x1
 428 00fd 50       		.byte	0x50
 429 00fe 0B       		.uleb128 0xb
 430 00ff 9B010000 		.4byte	.LASF25
 431 0103 01       		.byte	0x1
 432 0104 ED       		.byte	0xed
 433 0105 8C000000 		.4byte	0x8c
 434 0109 00000000 		.4byte	.LLST0
 435 010d 00       		.byte	0
 436 010e 06       		.uleb128 0x6
 437 010f 3F010000 		.4byte	.LASF18
 438 0113 01       		.byte	0x1
 439 0114 D3       		.byte	0xd3
 440 0115 00000000 		.4byte	.LFB5
 441 0119 20000000 		.4byte	.LFE5-.LFB5
 442 011d 01       		.uleb128 0x1
 443 011e 9C       		.byte	0x9c
 444 011f 33010000 		.4byte	0x133
 445 0123 07       		.uleb128 0x7
 446 0124 16000000 		.4byte	.LVL10
 447 0128 DC000000 		.4byte	0xdc
 448 012c 08       		.uleb128 0x8
 449 012d 01       		.uleb128 0x1
 450 012e 50       		.byte	0x50
 451 012f 01       		.uleb128 0x1
 452 0130 31       		.byte	0x31
 453 0131 00       		.byte	0
 454 0132 00       		.byte	0
 455 0133 0C       		.uleb128 0xc
 456 0134 CE000000 		.4byte	.LASF20
 457 0138 01       		.byte	0x1
 458 0139 1701     		.2byte	0x117
 459 013b 48000000 		.4byte	.LFB7
 460 013f AC000000 		.4byte	.LFE7-.LFB7
 461 0143 01       		.uleb128 0x1
 462 0144 9C       		.byte	0x9c
 463 0145 5C010000 		.4byte	0x15c
 464 0149 0D       		.uleb128 0xd
 465 014a A4000000 		.4byte	.LVL11
 466 014e B7000000 		.4byte	0xb7
 467 0152 0D       		.uleb128 0xd
 468 0153 A8000000 		.4byte	.LVL12
 469 0157 0E010000 		.4byte	0x10e
 470 015b 00       		.byte	0
 471 015c 0E       		.uleb128 0xe
 472 015d 0E010000 		.4byte	.LASF26
ARM GAS  C:\Users\rpbri\AppData\Local\Temp\cc1Pey9a.s 			page 15


 473 0161 0E010000 		.4byte	.LASF26
 474 0165 03       		.byte	0x3
 475 0166 6C       		.byte	0x6c
 476 0167 00       		.byte	0
 477              		.section	.debug_abbrev,"",%progbits
 478              	.Ldebug_abbrev0:
 479 0000 01       		.uleb128 0x1
 480 0001 11       		.uleb128 0x11
 481 0002 01       		.byte	0x1
 482 0003 25       		.uleb128 0x25
 483 0004 0E       		.uleb128 0xe
 484 0005 13       		.uleb128 0x13
 485 0006 0B       		.uleb128 0xb
 486 0007 03       		.uleb128 0x3
 487 0008 0E       		.uleb128 0xe
 488 0009 1B       		.uleb128 0x1b
 489 000a 0E       		.uleb128 0xe
 490 000b 55       		.uleb128 0x55
 491 000c 17       		.uleb128 0x17
 492 000d 11       		.uleb128 0x11
 493 000e 01       		.uleb128 0x1
 494 000f 10       		.uleb128 0x10
 495 0010 17       		.uleb128 0x17
 496 0011 00       		.byte	0
 497 0012 00       		.byte	0
 498 0013 02       		.uleb128 0x2
 499 0014 24       		.uleb128 0x24
 500 0015 00       		.byte	0
 501 0016 0B       		.uleb128 0xb
 502 0017 0B       		.uleb128 0xb
 503 0018 3E       		.uleb128 0x3e
 504 0019 0B       		.uleb128 0xb
 505 001a 03       		.uleb128 0x3
 506 001b 08       		.uleb128 0x8
 507 001c 00       		.byte	0
 508 001d 00       		.byte	0
 509 001e 03       		.uleb128 0x3
 510 001f 24       		.uleb128 0x24
 511 0020 00       		.byte	0
 512 0021 0B       		.uleb128 0xb
 513 0022 0B       		.uleb128 0xb
 514 0023 3E       		.uleb128 0x3e
 515 0024 0B       		.uleb128 0xb
 516 0025 03       		.uleb128 0x3
 517 0026 0E       		.uleb128 0xe
 518 0027 00       		.byte	0
 519 0028 00       		.byte	0
 520 0029 04       		.uleb128 0x4
 521 002a 16       		.uleb128 0x16
 522 002b 00       		.byte	0
 523 002c 03       		.uleb128 0x3
 524 002d 0E       		.uleb128 0xe
 525 002e 3A       		.uleb128 0x3a
 526 002f 0B       		.uleb128 0xb
 527 0030 3B       		.uleb128 0x3b
 528 0031 05       		.uleb128 0x5
 529 0032 49       		.uleb128 0x49
ARM GAS  C:\Users\rpbri\AppData\Local\Temp\cc1Pey9a.s 			page 16


 530 0033 13       		.uleb128 0x13
 531 0034 00       		.byte	0
 532 0035 00       		.byte	0
 533 0036 05       		.uleb128 0x5
 534 0037 35       		.uleb128 0x35
 535 0038 00       		.byte	0
 536 0039 49       		.uleb128 0x49
 537 003a 13       		.uleb128 0x13
 538 003b 00       		.byte	0
 539 003c 00       		.byte	0
 540 003d 06       		.uleb128 0x6
 541 003e 2E       		.uleb128 0x2e
 542 003f 01       		.byte	0x1
 543 0040 03       		.uleb128 0x3
 544 0041 0E       		.uleb128 0xe
 545 0042 3A       		.uleb128 0x3a
 546 0043 0B       		.uleb128 0xb
 547 0044 3B       		.uleb128 0x3b
 548 0045 0B       		.uleb128 0xb
 549 0046 27       		.uleb128 0x27
 550 0047 19       		.uleb128 0x19
 551 0048 11       		.uleb128 0x11
 552 0049 01       		.uleb128 0x1
 553 004a 12       		.uleb128 0x12
 554 004b 06       		.uleb128 0x6
 555 004c 40       		.uleb128 0x40
 556 004d 18       		.uleb128 0x18
 557 004e 9742     		.uleb128 0x2117
 558 0050 19       		.uleb128 0x19
 559 0051 01       		.uleb128 0x1
 560 0052 13       		.uleb128 0x13
 561 0053 00       		.byte	0
 562 0054 00       		.byte	0
 563 0055 07       		.uleb128 0x7
 564 0056 898201   		.uleb128 0x4109
 565 0059 01       		.byte	0x1
 566 005a 11       		.uleb128 0x11
 567 005b 01       		.uleb128 0x1
 568 005c 31       		.uleb128 0x31
 569 005d 13       		.uleb128 0x13
 570 005e 00       		.byte	0
 571 005f 00       		.byte	0
 572 0060 08       		.uleb128 0x8
 573 0061 8A8201   		.uleb128 0x410a
 574 0064 00       		.byte	0
 575 0065 02       		.uleb128 0x2
 576 0066 18       		.uleb128 0x18
 577 0067 9142     		.uleb128 0x2111
 578 0069 18       		.uleb128 0x18
 579 006a 00       		.byte	0
 580 006b 00       		.byte	0
 581 006c 09       		.uleb128 0x9
 582 006d 2E       		.uleb128 0x2e
 583 006e 01       		.byte	0x1
 584 006f 3F       		.uleb128 0x3f
 585 0070 19       		.uleb128 0x19
 586 0071 03       		.uleb128 0x3
ARM GAS  C:\Users\rpbri\AppData\Local\Temp\cc1Pey9a.s 			page 17


 587 0072 0E       		.uleb128 0xe
 588 0073 3A       		.uleb128 0x3a
 589 0074 0B       		.uleb128 0xb
 590 0075 3B       		.uleb128 0x3b
 591 0076 0B       		.uleb128 0xb
 592 0077 27       		.uleb128 0x27
 593 0078 19       		.uleb128 0x19
 594 0079 11       		.uleb128 0x11
 595 007a 01       		.uleb128 0x1
 596 007b 12       		.uleb128 0x12
 597 007c 06       		.uleb128 0x6
 598 007d 40       		.uleb128 0x40
 599 007e 18       		.uleb128 0x18
 600 007f 9742     		.uleb128 0x2117
 601 0081 19       		.uleb128 0x19
 602 0082 01       		.uleb128 0x1
 603 0083 13       		.uleb128 0x13
 604 0084 00       		.byte	0
 605 0085 00       		.byte	0
 606 0086 0A       		.uleb128 0xa
 607 0087 05       		.uleb128 0x5
 608 0088 00       		.byte	0
 609 0089 03       		.uleb128 0x3
 610 008a 0E       		.uleb128 0xe
 611 008b 3A       		.uleb128 0x3a
 612 008c 0B       		.uleb128 0xb
 613 008d 3B       		.uleb128 0x3b
 614 008e 0B       		.uleb128 0xb
 615 008f 49       		.uleb128 0x49
 616 0090 13       		.uleb128 0x13
 617 0091 02       		.uleb128 0x2
 618 0092 18       		.uleb128 0x18
 619 0093 00       		.byte	0
 620 0094 00       		.byte	0
 621 0095 0B       		.uleb128 0xb
 622 0096 34       		.uleb128 0x34
 623 0097 00       		.byte	0
 624 0098 03       		.uleb128 0x3
 625 0099 0E       		.uleb128 0xe
 626 009a 3A       		.uleb128 0x3a
 627 009b 0B       		.uleb128 0xb
 628 009c 3B       		.uleb128 0x3b
 629 009d 0B       		.uleb128 0xb
 630 009e 49       		.uleb128 0x49
 631 009f 13       		.uleb128 0x13
 632 00a0 02       		.uleb128 0x2
 633 00a1 17       		.uleb128 0x17
 634 00a2 00       		.byte	0
 635 00a3 00       		.byte	0
 636 00a4 0C       		.uleb128 0xc
 637 00a5 2E       		.uleb128 0x2e
 638 00a6 01       		.byte	0x1
 639 00a7 3F       		.uleb128 0x3f
 640 00a8 19       		.uleb128 0x19
 641 00a9 03       		.uleb128 0x3
 642 00aa 0E       		.uleb128 0xe
 643 00ab 3A       		.uleb128 0x3a
ARM GAS  C:\Users\rpbri\AppData\Local\Temp\cc1Pey9a.s 			page 18


 644 00ac 0B       		.uleb128 0xb
 645 00ad 3B       		.uleb128 0x3b
 646 00ae 05       		.uleb128 0x5
 647 00af 27       		.uleb128 0x27
 648 00b0 19       		.uleb128 0x19
 649 00b1 11       		.uleb128 0x11
 650 00b2 01       		.uleb128 0x1
 651 00b3 12       		.uleb128 0x12
 652 00b4 06       		.uleb128 0x6
 653 00b5 40       		.uleb128 0x40
 654 00b6 18       		.uleb128 0x18
 655 00b7 9742     		.uleb128 0x2117
 656 00b9 19       		.uleb128 0x19
 657 00ba 01       		.uleb128 0x1
 658 00bb 13       		.uleb128 0x13
 659 00bc 00       		.byte	0
 660 00bd 00       		.byte	0
 661 00be 0D       		.uleb128 0xd
 662 00bf 898201   		.uleb128 0x4109
 663 00c2 00       		.byte	0
 664 00c3 11       		.uleb128 0x11
 665 00c4 01       		.uleb128 0x1
 666 00c5 31       		.uleb128 0x31
 667 00c6 13       		.uleb128 0x13
 668 00c7 00       		.byte	0
 669 00c8 00       		.byte	0
 670 00c9 0E       		.uleb128 0xe
 671 00ca 2E       		.uleb128 0x2e
 672 00cb 00       		.byte	0
 673 00cc 3F       		.uleb128 0x3f
 674 00cd 19       		.uleb128 0x19
 675 00ce 3C       		.uleb128 0x3c
 676 00cf 19       		.uleb128 0x19
 677 00d0 6E       		.uleb128 0x6e
 678 00d1 0E       		.uleb128 0xe
 679 00d2 03       		.uleb128 0x3
 680 00d3 0E       		.uleb128 0xe
 681 00d4 3A       		.uleb128 0x3a
 682 00d5 0B       		.uleb128 0xb
 683 00d6 3B       		.uleb128 0x3b
 684 00d7 0B       		.uleb128 0xb
 685 00d8 00       		.byte	0
 686 00d9 00       		.byte	0
 687 00da 00       		.byte	0
 688              		.section	.debug_loc,"",%progbits
 689              	.Ldebug_loc0:
 690              	.LLST0:
 691 0000 04000000 		.4byte	.LVL2
 692 0004 12000000 		.4byte	.LVL4
 693 0008 0100     		.2byte	0x1
 694 000a 53       		.byte	0x53
 695 000b 14000000 		.4byte	.LVL5
 696 000f 1A000000 		.4byte	.LVL6
 697 0013 0100     		.2byte	0x1
 698 0015 53       		.byte	0x53
 699 0016 1A000000 		.4byte	.LVL6
 700 001a 1C000000 		.4byte	.LVL7
ARM GAS  C:\Users\rpbri\AppData\Local\Temp\cc1Pey9a.s 			page 19


 701 001e 0200     		.2byte	0x2
 702 0020 72       		.byte	0x72
 703 0021 00       		.sleb128 0
 704 0022 1C000000 		.4byte	.LVL7
 705 0026 38000000 		.4byte	.LFE6
 706 002a 0100     		.2byte	0x1
 707 002c 53       		.byte	0x53
 708 002d 00000000 		.4byte	0
 709 0031 00000000 		.4byte	0
 710              		.section	.debug_aranges,"",%progbits
 711 0000 34000000 		.4byte	0x34
 712 0004 0200     		.2byte	0x2
 713 0006 00000000 		.4byte	.Ldebug_info0
 714 000a 04       		.byte	0x4
 715 000b 00       		.byte	0
 716 000c 0000     		.2byte	0
 717 000e 0000     		.2byte	0
 718 0010 00000000 		.4byte	.LFB4
 719 0014 48000000 		.4byte	.LFE4-.LFB4
 720 0018 00000000 		.4byte	.LFB6
 721 001c 38000000 		.4byte	.LFE6-.LFB6
 722 0020 00000000 		.4byte	.LFB5
 723 0024 20000000 		.4byte	.LFE5-.LFB5
 724 0028 48000000 		.4byte	.LFB7
 725 002c AC000000 		.4byte	.LFE7-.LFB7
 726 0030 00000000 		.4byte	0
 727 0034 00000000 		.4byte	0
 728              		.section	.debug_ranges,"",%progbits
 729              	.Ldebug_ranges0:
 730 0000 00000000 		.4byte	.LFB4
 731 0004 48000000 		.4byte	.LFE4
 732 0008 00000000 		.4byte	.LFB6
 733 000c 38000000 		.4byte	.LFE6
 734 0010 00000000 		.4byte	.LFB5
 735 0014 20000000 		.4byte	.LFE5
 736 0018 48000000 		.4byte	.LFB7
 737 001c F4000000 		.4byte	.LFE7
 738 0020 00000000 		.4byte	0
 739 0024 00000000 		.4byte	0
 740              		.section	.debug_line,"",%progbits
 741              	.Ldebug_line0:
 742 0000 B7000000 		.section	.debug_str,"MS",%progbits,1
 742      02005400 
 742      00000201 
 742      FB0E0D00 
 742      01010101 
 743              	.LASF1:
 744 0000 6C6F6E67 		.ascii	"long long int\000"
 744      206C6F6E 
 744      6720696E 
 744      7400
 745              	.LASF13:
 746 000e 75696E74 		.ascii	"uint32\000"
 746      333200
 747              	.LASF22:
 748 0015 47656E65 		.ascii	"Generated_Source\\PSoC4\\cyfitter_cfg.c\000"
 748      72617465 
ARM GAS  C:\Users\rpbri\AppData\Local\Temp\cc1Pey9a.s 			page 20


 748      645F536F 
 748      75726365 
 748      5C50536F 
 749              	.LASF0:
 750 003b 756E7369 		.ascii	"unsigned int\000"
 750      676E6564 
 750      20696E74 
 750      00
 751              	.LASF23:
 752 0048 433A5C55 		.ascii	"C:\\Users\\rpbri\\Downloads\\Lab145_19\\Lab145\\Tem"
 752      73657273 
 752      5C727062 
 752      72695C44 
 752      6F776E6C 
 753 0075 706C6174 		.ascii	"plate\\CE210709_CapSense_Linear_Slider_and_Buttons\\"
 753      655C4345 
 753      32313037 
 753      30395F43 
 753      61705365 
 754 00a7 6E657720 		.ascii	"new hoep.cydsn\000"
 754      686F6570 
 754      2E637964 
 754      736E00
 755              	.LASF12:
 756 00b6 75696E74 		.ascii	"uint8\000"
 756      3800
 757              	.LASF8:
 758 00bc 6C6F6E67 		.ascii	"long unsigned int\000"
 758      20756E73 
 758      69676E65 
 758      6420696E 
 758      7400
 759              	.LASF20:
 760 00ce 63796669 		.ascii	"cyfitter_cfg\000"
 760      74746572 
 760      5F636667 
 760      00
 761              	.LASF9:
 762 00db 6C6F6E67 		.ascii	"long long unsigned int\000"
 762      206C6F6E 
 762      6720756E 
 762      7369676E 
 762      65642069 
 763              	.LASF14:
 764 00f2 666C6F61 		.ascii	"float\000"
 764      7400
 765              	.LASF19:
 766 00f8 53657441 		.ascii	"SetAnalogRoutingPumps\000"
 766      6E616C6F 
 766      67526F75 
 766      74696E67 
 766      50756D70 
 767              	.LASF26:
 768 010e 43795379 		.ascii	"CySysClkWriteImoFreq\000"
 768      73436C6B 
 768      57726974 
 768      65496D6F 
ARM GAS  C:\Users\rpbri\AppData\Local\Temp\cc1Pey9a.s 			page 21


 768      46726571 
 769              	.LASF4:
 770 0123 756E7369 		.ascii	"unsigned char\000"
 770      676E6564 
 770      20636861 
 770      7200
 771              	.LASF11:
 772 0131 63686172 		.ascii	"char\000"
 772      00
 773              	.LASF7:
 774 0136 6C6F6E67 		.ascii	"long int\000"
 774      20696E74 
 774      00
 775              	.LASF18:
 776 013f 416E616C 		.ascii	"AnalogSetDefault\000"
 776      6F675365 
 776      74446566 
 776      61756C74 
 776      00
 777              	.LASF17:
 778 0150 436C6F63 		.ascii	"ClockSetup\000"
 778      6B536574 
 778      757000
 779              	.LASF15:
 780 015b 646F7562 		.ascii	"double\000"
 780      6C6500
 781              	.LASF16:
 782 0162 72656733 		.ascii	"reg32\000"
 782      3200
 783              	.LASF6:
 784 0168 73686F72 		.ascii	"short unsigned int\000"
 784      7420756E 
 784      7369676E 
 784      65642069 
 784      6E7400
 785              	.LASF3:
 786 017b 7369676E 		.ascii	"signed char\000"
 786      65642063 
 786      68617200 
 787              	.LASF2:
 788 0187 6C6F6E67 		.ascii	"long double\000"
 788      20646F75 
 788      626C6500 
 789              	.LASF24:
 790 0193 656E6162 		.ascii	"enabled\000"
 790      6C656400 
 791              	.LASF25:
 792 019b 72656756 		.ascii	"regValue\000"
 792      616C7565 
 792      00
 793              	.LASF5:
 794 01a4 73686F72 		.ascii	"short int\000"
 794      7420696E 
 794      7400
 795              	.LASF21:
 796 01ae 474E5520 		.ascii	"GNU C11 5.4.1 20160609 (release) [ARM/embedded-5-br"
 796      43313120 
ARM GAS  C:\Users\rpbri\AppData\Local\Temp\cc1Pey9a.s 			page 22


 796      352E342E 
 796      31203230 
 796      31363036 
 797 01e1 616E6368 		.ascii	"anch revision 237715] -mcpu=cortex-m0plus -mthumb -"
 797      20726576 
 797      6973696F 
 797      6E203233 
 797      37373135 
 798 0214 67202D4F 		.ascii	"g -Og -ffunction-sections -ffat-lto-objects\000"
 798      67202D66 
 798      66756E63 
 798      74696F6E 
 798      2D736563 
 799              	.LASF10:
 800 0240 73697A65 		.ascii	"sizetype\000"
 800      74797065 
 800      00
 801              		.ident	"GCC: (GNU Tools for ARM Embedded Processors) 5.4.1 20160609 (release) [ARM/embedded-5-bran
